Failure in python_missing_output.py:
Missing output for check:
  python_missing_output.py:8: NotPrinted
