Failure in python_err1.py:

  The CHECKERR on line 6 wants:
    BETA

  which failed to match line stderr:1:
    ALPHA

  when running command:
    /usr/bin/python python_err1.py
